--== Science Fiction & Fantasy ==--
Alternative history
Action
Epic
Heroic
Detective
Cyberpunk
Space
Social-philosophical
Horror & mystic
Humor
Fantasy
--== Detectives & Thrillers ==--
Classical detectives
Police Stories
Action
Ironical detectives
Historical detectives
Espionage detectives
Crime detectives
Political detectives
Maniacs
Hard-boiled
Thrillers
--== Prose ==--
Classics prose
Historical prose
Contemporary prose
Counterculture
Russial classics prose
Soviet classics prose
--== Romance ==--
Contemporary Romance
Historical Romance
Detective Romance
Short Romance
Erotica
--== Adventure ==--
Western
History
Indians
Maritime Fiction
Travel & geography
Nature & animals
--== Children's ==--
Fairy Tales
Verses
Prose
Science Fiction
Detectives & Thrillers
Adventures
Educational
--== Poetry & Dramaturgy ==--
Poetry
Dramaturgy 
--== Antique literature ==--
Antique
European
Old russian
Old east
Myths. Legends. Epos
--== Scientific-educational ==--
History
Psychology
Cultural science
Religious studies
Philosophy
Politics
Business literature
Jurisprudence
Linguistics
Medicine
Physics
Mathematics
Chemistry
Biology
Technical
--== Computers & Internet ==--
Internet
Programming
Hardware
Software
Databases
OS & Networking
--== Reference ==--
Encyclopedias
Dictionaries
Reference
Guidebooks
--== Nonfiction ==--
Biography & Memoirs
Publicism
Criticism
Art & design
--== Religion & Inspiration ==--
Religion
Esoterics
Self-improvement
--== Humor ==--
Anecdote (funny stories)
Prose
Verses
--== Home & Family ==--
Cooking
Pets
Hobbies & Crafts
Entertaining
Health
Garden
Do it yourself
Sports
Erotica & sex